[INFO] Scanning for projects...
[INFO] 
[INFO] -----------------------< bartzmoveis:apigetitem >-----------------------
[INFO] Building apigetitem 2.0
[INFO]   from pom.xml
[INFO] --------------------------------[ jar ]---------------------------------
[INFO] 
[INFO] >>> spring-boot:3.4.2:run (default-cli) > test-compile @ apigetitem >>>
[INFO] 
[INFO] --- resources:3.3.1:resources (default-resources) @ apigetitem ---
[INFO] Copying 1 resource from src\main\resources to target\classes
[INFO] Copying 0 resource from src\main\resources to target\classes
[INFO] 
[INFO] --- compiler:3.13.0:compile (default-compile) @ apigetitem ---
[INFO] Nothing to compile - all classes are up to date.
[INFO] 
[INFO] --- resources:3.3.1:testResources (default-testResources) @ apigetitem ---
[INFO] Copying 0 resource from src\test\resources to target\test-classes
[INFO] 
[INFO] --- compiler:3.13.0:testCompile (default-testCompile) @ apigetitem ---
[INFO] Nothing to compile - all classes are up to date.
[INFO] 
[INFO] <<< spring-boot:3.4.2:run (default-cli) < test-compile @ apigetitem <<<
[INFO] 
[INFO] 
[INFO] --- spring-boot:3.4.2:run (default-cli) @ apigetitem ---
[INFO] Attaching agents: []

  .   ____          _            __ _ _
 /\\ / ___'_ __ _ _(_)_ __  __ _ \ \ \ \
( ( )\___ | '_ | '_| | '_ \/ _` | \ \ \ \
 \\/  ___)| |_)| | | | | || (_| |  ) ) ) )
  '  |____| .__|_| |_|_| |_\__, | / / / /
 =========|_|==============|___/=/_/_/_/

 :: Spring Boot ::                (v3.4.2)

2026-07-28T10:54:47.207-03:00  INFO 8588 --- [apigetitem] [  restartedMain] b.apigetitem.ApigetitemApplication       : Starting ApigetitemApplication using Java 21.0.10 with PID 8588 (C:\Users\Ralf\Desktop\Programação\BartzMoveisERP\target\classes started by Ralf in C:\Users\Ralf\Desktop\Programação\BartzMoveisERP)
2026-07-28T10:54:47.210-03:00  INFO 8588 --- [apigetitem] [  restartedMain] b.apigetitem.ApigetitemApplication       : No active profile set, falling back to 1 default profile: "default"
2026-07-28T10:54:47.263-03:00  INFO 8588 --- [apigetitem] [  restartedMain] o.s.b.devtools.restart.ChangeableUrls    : The Class-Path manifest attribute in C:\Users\Ralf\.m2\repository\com\ibm\db2\jcc\11.5.9.0\jcc-11.5.9.0.jar referenced one or more files that do not exist: file:/C:/Users/Ralf/.m2/repository/com/ibm/db2/jcc/11.5.9.0/pdq.jar
2026-07-28T10:54:47.264-03:00  INFO 8588 --- [apigetitem] [  restartedMain] .e.DevToolsPropertyDefaultsPostProcessor : Devtools property defaults active! Set 'spring.devtools.add-properties' to 'false' to disable
2026-07-28T10:54:47.264-03:00  INFO 8588 --- [apigetitem] [  restartedMain] .e.DevToolsPropertyDefaultsPostProcessor : For additional web related logging consider setting the 'logging.level.web' property to 'DEBUG'
2026-07-28T10:54:48.633-03:00  INFO 8588 --- [apigetitem] [  restartedMain] .s.d.r.c.RepositoryConfigurationDelegate : Bootstrapping Spring Data JDBC repositories in DEFAULT mode.
2026-07-28T10:54:48.655-03:00  INFO 8588 --- [apigetitem] [  restartedMain] .s.d.r.c.RepositoryConfigurationDelegate : Finished Spring Data repository scanning in 13 ms. Found 0 JDBC repository interfaces.
2026-07-28T10:54:49.306-03:00  INFO 8588 --- [apigetitem] [  restartedMain] o.s.b.w.embedded.tomcat.TomcatWebServer  : Tomcat initialized with port 8081 (http)
2026-07-28T10:54:49.324-03:00  INFO 8588 --- [apigetitem] [  restartedMain] o.apache.catalina.core.StandardService   : Starting service [Tomcat]
2026-07-28T10:54:49.324-03:00  INFO 8588 --- [apigetitem] [  restartedMain] o.apache.catalina.core.StandardEngine    : Starting Servlet engine: [Apache Tomcat/10.1.34]
2026-07-28T10:54:49.394-03:00  INFO 8588 --- [apigetitem] [  restartedMain] o.a.c.c.C.[Tomcat].[localhost].[/]       : Initializing Spring embedded WebApplicationContext
2026-07-28T10:54:49.395-03:00  INFO 8588 --- [apigetitem] [  restartedMain] w.s.c.ServletWebServerApplicationContext : Root WebApplicationContext: initialization completed in 2131 ms
2026-07-28T10:54:49.896-03:00  WARN 8588 --- [apigetitem] [  restartedMain] .s.s.UserDetailsServiceAutoConfiguration : 

Using generated security password: e42a3ebd-ee5b-4346-9820-67367266cffb

This generated password is for development use only. Your security configuration must be updated before running your application in production.

2026-07-28T10:54:49.908-03:00  INFO 8588 --- [apigetitem] [  restartedMain] r$InitializeUserDetailsManagerConfigurer : Global AuthenticationManager configured with UserDetailsService bean with name inMemoryUserDetailsManager
2026-07-28T10:54:50.299-03:00  INFO 8588 --- [apigetitem] [  restartedMain] o.s.b.a.e.web.EndpointLinksResolver      : Exposing 1 endpoint beneath base path '/actuator'
2026-07-28T10:54:50.700-03:00  INFO 8588 --- [apigetitem] [  restartedMain] com.zaxxer.hikari.HikariDataSource       : HikariPool-1 - Starting...
2026-07-28T10:54:51.087-03:00  INFO 8588 --- [apigetitem] [  restartedMain] com.zaxxer.hikari.pool.HikariPool        : HikariPool-1 - Added connection com.ibm.db2.jcc.t4.b@6c1dd51
2026-07-28T10:54:51.089-03:00  INFO 8588 --- [apigetitem] [  restartedMain] com.zaxxer.hikari.HikariDataSource       : HikariPool-1 - Start completed.
2026-07-28T10:54:51.226-03:00  INFO 8588 --- [apigetitem] [  restartedMain] o.s.b.d.a.OptionalLiveReloadServer       : LiveReload server is running on port 35729
2026-07-28T10:54:51.299-03:00  INFO 8588 --- [apigetitem] [  restartedMain] o.s.b.w.embedded.tomcat.TomcatWebServer  : Tomcat started on port 8081 (http) with context path '/'
2026-07-28T10:54:51.312-03:00  INFO 8588 --- [apigetitem] [  restartedMain] b.apigetitem.ApigetitemApplication       : Started ApigetitemApplication in 4.625 seconds (process running for 5.97)
2026-07-28T10:59:40.453-03:00  INFO 8588 --- [apigetitem] [   File Watcher] rtingClassPathChangeChangedEventListener : Restarting due to 15 class path changes (0 additions, 15 deletions, 0 modifications)
2026-07-28T10:59:40.972-03:00  INFO 8588 --- [apigetitem] [       Thread-7] o.s.b.w.e.tomcat.GracefulShutdown        : Commencing graceful shutdown. Waiting for active requests to complete
2026-07-28T10:59:41.301-03:00  INFO 8588 --- [apigetitem] [tomcat-shutdown] o.s.b.w.e.tomcat.GracefulShutdown        : Graceful shutdown complete
2026-07-28T10:59:41.478-03:00  INFO 8588 --- [apigetitem] [       Thread-7] com.zaxxer.hikari.HikariDataSource       : HikariPool-1 - Shutdown initiated...
2026-07-28T10:59:41.641-03:00  INFO 8588 --- [apigetitem] [       Thread-7] com.zaxxer.hikari.HikariDataSource       : HikariPool-1 - Shutdown completed.

  .   ____          _            __ _ _
 /\\ / ___'_ __ _ _(_)_ __  __ _ \ \ \ \
( ( )\___ | '_ | '_| | '_ \/ _` | \ \ \ \
 \\/  ___)| |_)| | | | | || (_| |  ) ) ) )
  '  |____| .__|_| |_|_| |_\__, | / / / /
 =========|_|==============|___/=/_/_/_/

 :: Spring Boot ::                (v3.4.2)

2026-07-28T10:59:45.219-03:00  INFO 8588 --- [apigetitem] [  restartedMain] b.apigetitem.ApigetitemApplication       : Starting ApigetitemApplication using Java 21.0.10 with PID 8588 (C:\Users\Ralf\Desktop\Programação\BartzMoveisERP\target\classes started by Ralf in C:\Users\Ralf\Desktop\Programação\BartzMoveisERP)
2026-07-28T10:59:45.328-03:00  INFO 8588 --- [apigetitem] [  restartedMain] b.apigetitem.ApigetitemApplication       : No active profile set, falling back to 1 default profile: "default"
2026-07-28T10:59:47.984-03:00  INFO 8588 --- [apigetitem] [  restartedMain] .s.d.r.c.RepositoryConfigurationDelegate : Bootstrapping Spring Data JDBC repositories in DEFAULT mode.
2026-07-28T10:59:48.084-03:00  INFO 8588 --- [apigetitem] [  restartedMain] .s.d.r.c.RepositoryConfigurationDelegate : Finished Spring Data repository scanning in 3 ms. Found 0 JDBC repository interfaces.
2026-07-28T10:59:48.382-03:00  INFO 8588 --- [apigetitem] [  restartedMain] o.s.b.w.embedded.tomcat.TomcatWebServer  : Tomcat initialized with port 8081 (http)
2026-07-28T10:59:48.446-03:00  INFO 8588 --- [apigetitem] [  restartedMain] o.apache.catalina.core.StandardService   : Starting service [Tomcat]
2026-07-28T10:59:49.279-03:00  INFO 8588 --- [apigetitem] [  restartedMain] o.apache.catalina.core.StandardEngine    : Starting Servlet engine: [Apache Tomcat/10.1.34]
2026-07-28T10:59:49.640-03:00  INFO 8588 --- [apigetitem] [  restartedMain] o.a.c.c.C.[Tomcat].[localhost].[/]       : Initializing Spring embedded WebApplicationContext
2026-07-28T10:59:49.654-03:00  INFO 8588 --- [apigetitem] [  restartedMain] w.s.c.ServletWebServerApplicationContext : Root WebApplicationContext: initialization completed in 4159 ms
2026-07-28T10:59:49.941-03:00  WARN 8588 --- [apigetitem] [  restartedMain] .s.s.UserDetailsServiceAutoConfiguration : 

Using generated security password: 2aca2078-6e68-4046-be28-096db4aa8a91

This generated password is for development use only. Your security configuration must be updated before running your application in production.

2026-07-28T10:59:49.943-03:00  INFO 8588 --- [apigetitem] [  restartedMain] r$InitializeUserDetailsManagerConfigurer : Global AuthenticationManager configured with UserDetailsService bean with name inMemoryUserDetailsManager
2026-07-28T10:59:50.135-03:00  INFO 8588 --- [apigetitem] [  restartedMain] o.s.b.a.e.web.EndpointLinksResolver      : Exposing 1 endpoint beneath base path '/actuator'
2026-07-28T10:59:50.309-03:00  INFO 8588 --- [apigetitem] [  restartedMain] com.zaxxer.hikari.HikariDataSource       : HikariPool-2 - Starting...
2026-07-28T10:59:50.332-03:00  INFO 8588 --- [apigetitem] [  restartedMain] com.zaxxer.hikari.pool.HikariPool        : HikariPool-2 - Added connection com.ibm.db2.jcc.t4.b@11ede584
2026-07-28T10:59:50.333-03:00  INFO 8588 --- [apigetitem] [  restartedMain] com.zaxxer.hikari.HikariDataSource       : HikariPool-2 - Start completed.
2026-07-28T10:59:50.366-03:00  INFO 8588 --- [apigetitem] [  restartedMain] o.s.b.d.a.OptionalLiveReloadServer       : LiveReload server is running on port 35729
2026-07-28T10:59:50.383-03:00  INFO 8588 --- [apigetitem] [  restartedMain] o.s.b.w.embedded.tomcat.TomcatWebServer  : Tomcat started on port 8081 (http) with context path '/'
2026-07-28T10:59:50.391-03:00  INFO 8588 --- [apigetitem] [  restartedMain] b.apigetitem.ApigetitemApplication       : Started ApigetitemApplication in 7.926 seconds (process running for 305.05)
2026-07-28T10:59:50.394-03:00  INFO 8588 --- [apigetitem] [  restartedMain] .ConditionEvaluationDeltaLoggingListener : Condition evaluation unchanged
2026-07-28T10:59:51.776-03:00  INFO 8588 --- [apigetitem] [   File Watcher] rtingClassPathChangeChangedEventListener : Restarting due to 15 class path changes (15 additions, 0 deletions, 0 modifications)
2026-07-28T10:59:51.777-03:00  INFO 8588 --- [apigetitem] [       Thread-9] o.s.b.w.e.tomcat.GracefulShutdown        : Commencing graceful shutdown. Waiting for active requests to complete
2026-07-28T10:59:51.780-03:00  INFO 8588 --- [apigetitem] [tomcat-shutdown] o.s.b.w.e.tomcat.GracefulShutdown        : Graceful shutdown complete
2026-07-28T10:59:51.784-03:00  INFO 8588 --- [apigetitem] [       Thread-9] com.zaxxer.hikari.HikariDataSource       : HikariPool-2 - Shutdown initiated...
2026-07-28T10:59:51.785-03:00  INFO 8588 --- [apigetitem] [       Thread-9] com.zaxxer.hikari.HikariDataSource       : HikariPool-2 - Shutdown completed.

  .   ____          _            __ _ _
 /\\ / ___'_ __ _ _(_)_ __  __ _ \ \ \ \
( ( )\___ | '_ | '_| | '_ \/ _` | \ \ \ \
 \\/  ___)| |_)| | | | | || (_| |  ) ) ) )
  '  |____| .__|_| |_|_| |_\__, | / / / /
 =========|_|==============|___/=/_/_/_/

 :: Spring Boot ::                (v3.4.2)

2026-07-28T10:59:51.870-03:00  INFO 8588 --- [apigetitem] [  restartedMain] b.apigetitem.ApigetitemApplication       : Starting ApigetitemApplication using Java 21.0.10 with PID 8588 (C:\Users\Ralf\Desktop\Programação\BartzMoveisERP\target\classes started by Ralf in C:\Users\Ralf\Desktop\Programação\BartzMoveisERP)
2026-07-28T10:59:51.871-03:00  INFO 8588 --- [apigetitem] [  restartedMain] b.apigetitem.ApigetitemApplication       : No active profile set, falling back to 1 default profile: "default"
2026-07-28T10:59:52.329-03:00  INFO 8588 --- [apigetitem] [  restartedMain] .s.d.r.c.RepositoryConfigurationDelegate : Bootstrapping Spring Data JDBC repositories in DEFAULT mode.
2026-07-28T10:59:52.334-03:00  INFO 8588 --- [apigetitem] [  restartedMain] .s.d.r.c.RepositoryConfigurationDelegate : Finished Spring Data repository scanning in 2 ms. Found 0 JDBC repository interfaces.
2026-07-28T10:59:52.431-03:00  INFO 8588 --- [apigetitem] [  restartedMain] o.s.b.w.embedded.tomcat.TomcatWebServer  : Tomcat initialized with port 8081 (http)
2026-07-28T10:59:52.431-03:00  INFO 8588 --- [apigetitem] [  restartedMain] o.apache.catalina.core.StandardService   : Starting service [Tomcat]
2026-07-28T10:59:52.431-03:00  INFO 8588 --- [apigetitem] [  restartedMain] o.apache.catalina.core.StandardEngine    : Starting Servlet engine: [Apache Tomcat/10.1.34]
2026-07-28T10:59:52.453-03:00  INFO 8588 --- [apigetitem] [  restartedMain] o.a.c.c.C.[Tomcat].[localhost].[/]       : Initializing Spring embedded WebApplicationContext
2026-07-28T10:59:52.453-03:00  INFO 8588 --- [apigetitem] [  restartedMain] w.s.c.ServletWebServerApplicationContext : Root WebApplicationContext: initialization completed in 581 ms
2026-07-28T10:59:52.576-03:00  WARN 8588 --- [apigetitem] [  restartedMain] .s.s.UserDetailsServiceAutoConfiguration : 

Using generated security password: 69662bf6-13cd-4994-a3c1-c6eda26e1c47

This generated password is for development use only. Your security configuration must be updated before running your application in production.

2026-07-28T10:59:52.577-03:00  INFO 8588 --- [apigetitem] [  restartedMain] r$InitializeUserDetailsManagerConfigurer : Global AuthenticationManager configured with UserDetailsService bean with name inMemoryUserDetailsManager
2026-07-28T10:59:52.663-03:00  INFO 8588 --- [apigetitem] [  restartedMain] o.s.b.a.e.web.EndpointLinksResolver      : Exposing 1 endpoint beneath base path '/actuator'
2026-07-28T10:59:52.779-03:00  INFO 8588 --- [apigetitem] [  restartedMain] com.zaxxer.hikari.HikariDataSource       : HikariPool-3 - Starting...
2026-07-28T10:59:52.796-03:00  INFO 8588 --- [apigetitem] [  restartedMain] com.zaxxer.hikari.pool.HikariPool        : HikariPool-3 - Added connection com.ibm.db2.jcc.t4.b@43ca406f
2026-07-28T10:59:52.796-03:00  INFO 8588 --- [apigetitem] [  restartedMain] com.zaxxer.hikari.HikariDataSource       : HikariPool-3 - Start completed.
2026-07-28T10:59:52.809-03:00  INFO 8588 --- [apigetitem] [  restartedMain] o.s.b.d.a.OptionalLiveReloadServer       : LiveReload server is running on port 35729
2026-07-28T10:59:52.825-03:00  INFO 8588 --- [apigetitem] [  restartedMain] o.s.b.w.embedded.tomcat.TomcatWebServer  : Tomcat started on port 8081 (http) with context path '/'
2026-07-28T10:59:52.833-03:00  INFO 8588 --- [apigetitem] [  restartedMain] b.apigetitem.ApigetitemApplication       : Started ApigetitemApplication in 0.992 seconds (process running for 307.491)
2026-07-28T10:59:52.835-03:00  INFO 8588 --- [apigetitem] [  restartedMain] .ConditionEvaluationDeltaLoggingListener : Condition evaluation unchanged
2026-07-28T11:00:15.359-03:00  INFO 8588 --- [apigetitem] [nio-8081-exec-1] o.a.c.c.C.[Tomcat].[localhost].[/]       : Initializing Spring DispatcherServlet 'dispatcherServlet'
2026-07-28T11:00:15.361-03:00  INFO 8588 --- [apigetitem] [nio-8081-exec-1] o.s.web.servlet.DispatcherServlet        : Initializing Servlet 'dispatcherServlet'
2026-07-28T11:00:15.364-03:00  INFO 8588 --- [apigetitem] [nio-8081-exec-1] o.s.web.servlet.DispatcherServlet        : Completed initialization in 2 ms
2026-07-28T11:00:16.000-03:00  INFO 8588 --- [apigetitem] [nio-8081-exec-2] c.b.jwt_package.security.JwtAuthFilter   : Usuário admin autenticado via JWT.
2026-07-28T11:00:16.544-03:00  INFO 8588 --- [apigetitem] [nio-8081-exec-3] c.b.jwt_package.security.JwtAuthFilter   : Usuário admin autenticado via JWT.
2026-07-28T11:00:16.815-03:00  INFO 8588 --- [apigetitem] [nio-8081-exec-4] c.b.jwt_package.security.JwtAuthFilter   : Usuário admin autenticado via JWT.
2026-07-28T11:00:17.069-03:00  INFO 8588 --- [apigetitem] [nio-8081-exec-5] c.b.jwt_package.security.JwtAuthFilter   : Usuário admin autenticado via JWT.
2026-07-28T11:36:55.011-03:00  INFO 8588 --- [apigetitem] [   File Watcher] rtingClassPathChangeChangedEventListener : Restarting due to 15 class path changes (0 additions, 15 deletions, 0 modifications)
2026-07-28T11:36:55.219-03:00  INFO 8588 --- [apigetitem] [      Thread-14] o.s.b.w.e.tomcat.GracefulShutdown        : Commencing graceful shutdown. Waiting for active requests to complete
2026-07-28T11:36:55.248-03:00  INFO 8588 --- [apigetitem] [tomcat-shutdown] o.s.b.w.e.tomcat.GracefulShutdown        : Graceful shutdown complete
2026-07-28T11:36:55.387-03:00  INFO 8588 --- [apigetitem] [      Thread-14] com.zaxxer.hikari.HikariDataSource       : HikariPool-3 - Shutdown initiated...
2026-07-28T11:36:55.417-03:00  INFO 8588 --- [apigetitem] [      Thread-14] com.zaxxer.hikari.HikariDataSource       : HikariPool-3 - Shutdown completed.

  .   ____          _            __ _ _
 /\\ / ___'_ __ _ _(_)_ __  __ _ \ \ \ \
( ( )\___ | '_ | '_| | '_ \/ _` | \ \ \ \
 \\/  ___)| |_)| | | | | || (_| |  ) ) ) )
  '  |____| .__|_| |_|_| |_\__, | / / / /
 =========|_|==============|___/=/_/_/_/

 :: Spring Boot ::                (v3.4.2)

2026-07-28T11:36:56.456-03:00  INFO 8588 --- [apigetitem] [  restartedMain] b.apigetitem.ApigetitemApplication       : Starting ApigetitemApplication using Java 21.0.10 with PID 8588 (C:\Users\Ralf\Desktop\Programação\BartzMoveisERP\target\classes started by Ralf in C:\Users\Ralf\Desktop\Programação\BartzMoveisERP)
2026-07-28T11:36:56.457-03:00  INFO 8588 --- [apigetitem] [  restartedMain] b.apigetitem.ApigetitemApplication       : No active profile set, falling back to 1 default profile: "default"
2026-07-28T11:36:57.482-03:00  INFO 8588 --- [apigetitem] [  restartedMain] .s.d.r.c.RepositoryConfigurationDelegate : Bootstrapping Spring Data JDBC repositories in DEFAULT mode.
2026-07-28T11:36:57.523-03:00  INFO 8588 --- [apigetitem] [  restartedMain] .s.d.r.c.RepositoryConfigurationDelegate : Finished Spring Data repository scanning in 37 ms. Found 0 JDBC repository interfaces.
2026-07-28T11:36:57.680-03:00  INFO 8588 --- [apigetitem] [  restartedMain] o.s.b.w.embedded.tomcat.TomcatWebServer  : Tomcat initialized with port 8081 (http)
2026-07-28T11:36:57.681-03:00  INFO 8588 --- [apigetitem] [  restartedMain] o.apache.catalina.core.StandardService   : Starting service [Tomcat]
2026-07-28T11:36:57.682-03:00  INFO 8588 --- [apigetitem] [  restartedMain] o.apache.catalina.core.StandardEngine    : Starting Servlet engine: [Apache Tomcat/10.1.34]
2026-07-28T11:36:57.706-03:00  INFO 8588 --- [apigetitem] [  restartedMain] o.a.c.c.C.[Tomcat].[localhost].[/]       : Initializing Spring embedded WebApplicationContext
2026-07-28T11:36:57.706-03:00  INFO 8588 --- [apigetitem] [  restartedMain] w.s.c.ServletWebServerApplicationContext : Root WebApplicationContext: initialization completed in 1242 ms
2026-07-28T11:36:57.770-03:00  WARN 8588 --- [apigetitem] [  restartedMain] ConfigServletWebServerApplicationContext : Exception encountered during context initialization - cancelling refresh attempt: org.springframework.beans.factory.UnsatisfiedDependencyException: Error creating bean with name 'corController' defined in file [C:\Users\Ralf\Desktop\Programação\BartzMoveisERP\target\classes\bartzmoveis\apigetitem\controller\CorController.class]: Unsatisfied dependency expressed through constructor parameter 0: No qualifying bean of type 'bartzmoveis.apigetitem.service.CorService' available: expected at least 1 bean which qualifies as autowire candidate. Dependency annotations: {}
2026-07-28T11:36:57.771-03:00  INFO 8588 --- [apigetitem] [  restartedMain] o.apache.catalina.core.StandardService   : Stopping service [Tomcat]
2026-07-28T11:36:57.783-03:00  INFO 8588 --- [apigetitem] [  restartedMain] .s.b.a.l.ConditionEvaluationReportLogger : 

Error starting ApplicationContext. To display the condition evaluation report re-run your application with 'debug' enabled.
2026-07-28T11:36:57.817-03:00 ERROR 8588 --- [apigetitem] [  restartedMain] o.s.b.d.LoggingFailureAnalysisReporter   : 

***************************
APPLICATION FAILED TO START
***************************

Description:

Parameter 0 of constructor in bartzmoveis.apigetitem.controller.CorController required a bean of type 'bartzmoveis.apigetitem.service.CorService' that could not be found.


Action:

Consider defining a bean of type 'bartzmoveis.apigetitem.service.CorService' in your configuration.


  .   ____          _            __ _ _
 /\\ / ___'_ __ _ _(_)_ __  __ _ \ \ \ \
( ( )\___ | '_ | '_| | '_ \/ _` | \ \ \ \
 \\/  ___)| |_)| | | | | || (_| |  ) ) ) )
  '  |____| .__|_| |_|_| |_\__, | / / / /
 =========|_|==============|___/=/_/_/_/

 :: Spring Boot ::                (v3.4.2)

2026-07-28T11:36:59.264-03:00  INFO 8588 --- [apigetitem] [  restartedMain] b.apigetitem.ApigetitemApplication       : Starting ApigetitemApplication using Java 21.0.10 with PID 8588 (C:\Users\Ralf\Desktop\Programação\BartzMoveisERP\target\classes started by Ralf in C:\Users\Ralf\Desktop\Programação\BartzMoveisERP)
2026-07-28T11:36:59.265-03:00  INFO 8588 --- [apigetitem] [  restartedMain] b.apigetitem.ApigetitemApplication       : No active profile set, falling back to 1 default profile: "default"
2026-07-28T11:36:59.618-03:00  INFO 8588 --- [apigetitem] [  restartedMain] .s.d.r.c.RepositoryConfigurationDelegate : Bootstrapping Spring Data JDBC repositories in DEFAULT mode.
2026-07-28T11:36:59.624-03:00  INFO 8588 --- [apigetitem] [  restartedMain] .s.d.r.c.RepositoryConfigurationDelegate : Finished Spring Data repository scanning in 2 ms. Found 0 JDBC repository interfaces.
2026-07-28T11:36:59.774-03:00  INFO 8588 --- [apigetitem] [  restartedMain] o.s.b.w.embedded.tomcat.TomcatWebServer  : Tomcat initialized with port 8081 (http)
2026-07-28T11:36:59.776-03:00  INFO 8588 --- [apigetitem] [  restartedMain] o.apache.catalina.core.StandardService   : Starting service [Tomcat]
2026-07-28T11:36:59.776-03:00  INFO 8588 --- [apigetitem] [  restartedMain] o.apache.catalina.core.StandardEngine    : Starting Servlet engine: [Apache Tomcat/10.1.34]
2026-07-28T11:36:59.803-03:00  INFO 8588 --- [apigetitem] [  restartedMain] o.a.c.c.C.[Tomcat-1].[localhost].[/]     : Initializing Spring embedded WebApplicationContext
2026-07-28T11:36:59.803-03:00  INFO 8588 --- [apigetitem] [  restartedMain] w.s.c.ServletWebServerApplicationContext : Root WebApplicationContext: initialization completed in 536 ms
2026-07-28T11:36:59.932-03:00  WARN 8588 --- [apigetitem] [  restartedMain] .s.s.UserDetailsServiceAutoConfiguration : 

Using generated security password: 4e73dfc3-8863-499e-9e1c-971569ae9b81

This generated password is for development use only. Your security configuration must be updated before running your application in production.

2026-07-28T11:36:59.933-03:00  INFO 8588 --- [apigetitem] [  restartedMain] r$InitializeUserDetailsManagerConfigurer : Global AuthenticationManager configured with UserDetailsService bean with name inMemoryUserDetailsManager
2026-07-28T11:37:00.043-03:00  INFO 8588 --- [apigetitem] [  restartedMain] o.s.b.a.e.web.EndpointLinksResolver      : Exposing 1 endpoint beneath base path '/actuator'
2026-07-28T11:37:00.168-03:00  INFO 8588 --- [apigetitem] [  restartedMain] com.zaxxer.hikari.HikariDataSource       : HikariPool-4 - Starting...
2026-07-28T11:37:00.186-03:00  INFO 8588 --- [apigetitem] [  restartedMain] com.zaxxer.hikari.pool.HikariPool        : HikariPool-4 - Added connection com.ibm.db2.jcc.t4.b@3f834e3d
2026-07-28T11:37:00.187-03:00  INFO 8588 --- [apigetitem] [  restartedMain] com.zaxxer.hikari.HikariDataSource       : HikariPool-4 - Start completed.
2026-07-28T11:37:00.206-03:00  INFO 8588 --- [apigetitem] [  restartedMain] o.s.b.d.a.OptionalLiveReloadServer       : LiveReload server is running on port 35729
2026-07-28T11:37:00.222-03:00  INFO 8588 --- [apigetitem] [  restartedMain] o.s.b.w.embedded.tomcat.TomcatWebServer  : Tomcat started on port 8081 (http) with context path '/'
2026-07-28T11:37:00.229-03:00  INFO 8588 --- [apigetitem] [  restartedMain] b.apigetitem.ApigetitemApplication       : Started ApigetitemApplication in 0.991 seconds (process running for 2534.888)
2026-07-28T11:37:00.231-03:00  INFO 8588 --- [apigetitem] [  restartedMain] .ConditionEvaluationDeltaLoggingListener : Condition evaluation unchanged
2026-07-28T11:37:25.352-03:00  INFO 8588 --- [apigetitem] [nio-8081-exec-1] o.a.c.c.C.[Tomcat-1].[localhost].[/]     : Initializing Spring DispatcherServlet 'dispatcherServlet'
2026-07-28T11:37:25.353-03:00  INFO 8588 --- [apigetitem] [nio-8081-exec-1] o.s.web.servlet.DispatcherServlet        : Initializing Servlet 'dispatcherServlet'
2026-07-28T11:37:25.354-03:00  INFO 8588 --- [apigetitem] [nio-8081-exec-1] o.s.web.servlet.DispatcherServlet        : Completed initialization in 1 ms
2026-07-28T11:37:25.748-03:00  INFO 8588 --- [apigetitem] [nio-8081-exec-2] c.b.jwt_package.security.JwtAuthFilter   : Usuário admin autenticado via JWT.
2026-07-28T11:38:26.093-03:00  INFO 8588 --- [apigetitem] [   File Watcher] rtingClassPathChangeChangedEventListener : Restarting due to 15 class path changes (0 additions, 15 deletions, 0 modifications)
2026-07-28T11:38:26.096-03:00  INFO 8588 --- [apigetitem] [      Thread-19] o.s.b.w.e.tomcat.GracefulShutdown        : Commencing graceful shutdown. Waiting for active requests to complete
2026-07-28T11:38:26.100-03:00  INFO 8588 --- [apigetitem] [tomcat-shutdown] o.s.b.w.e.tomcat.GracefulShutdown        : Graceful shutdown complete
2026-07-28T11:38:26.104-03:00  INFO 8588 --- [apigetitem] [      Thread-19] com.zaxxer.hikari.HikariDataSource       : HikariPool-4 - Shutdown initiated...
2026-07-28T11:38:26.107-03:00  INFO 8588 --- [apigetitem] [      Thread-19] com.zaxxer.hikari.HikariDataSource       : HikariPool-4 - Shutdown completed.

  .   ____          _            __ _ _
 /\\ / ___'_ __ _ _(_)_ __  __ _ \ \ \ \
( ( )\___ | '_ | '_| | '_ \/ _` | \ \ \ \
 \\/  ___)| |_)| | | | | || (_| |  ) ) ) )
  '  |____| .__|_| |_|_| |_\__, | / / / /
 =========|_|==============|___/=/_/_/_/

 :: Spring Boot ::                (v3.4.2)

2026-07-28T11:38:26.206-03:00  INFO 8588 --- [apigetitem] [  restartedMain] b.apigetitem.ApigetitemApplication       : Starting ApigetitemApplication using Java 21.0.10 with PID 8588 (C:\Users\Ralf\Desktop\Programação\BartzMoveisERP\target\classes started by Ralf in C:\Users\Ralf\Desktop\Programação\BartzMoveisERP)
2026-07-28T11:38:26.206-03:00  INFO 8588 --- [apigetitem] [  restartedMain] b.apigetitem.ApigetitemApplication       : No active profile set, falling back to 1 default profile: "default"
2026-07-28T11:38:26.781-03:00  INFO 8588 --- [apigetitem] [  restartedMain] .s.d.r.c.RepositoryConfigurationDelegate : Bootstrapping Spring Data JDBC repositories in DEFAULT mode.
2026-07-28T11:38:26.792-03:00  INFO 8588 --- [apigetitem] [  restartedMain] .s.d.r.c.RepositoryConfigurationDelegate : Finished Spring Data repository scanning in 9 ms. Found 0 JDBC repository interfaces.
2026-07-28T11:38:26.981-03:00  INFO 8588 --- [apigetitem] [  restartedMain] o.s.b.w.embedded.tomcat.TomcatWebServer  : Tomcat initialized with port 8081 (http)
2026-07-28T11:38:26.984-03:00  INFO 8588 --- [apigetitem] [  restartedMain] o.apache.catalina.core.StandardService   : Starting service [Tomcat]
2026-07-28T11:38:26.985-03:00  INFO 8588 --- [apigetitem] [  restartedMain] o.apache.catalina.core.StandardEngine    : Starting Servlet engine: [Apache Tomcat/10.1.34]
2026-07-28T11:38:27.012-03:00  INFO 8588 --- [apigetitem] [  restartedMain] o.a.c.c.C.[Tomcat-1].[localhost].[/]     : Initializing Spring embedded WebApplicationContext
2026-07-28T11:38:27.012-03:00  INFO 8588 --- [apigetitem] [  restartedMain] w.s.c.ServletWebServerApplicationContext : Root WebApplicationContext: initialization completed in 803 ms
2026-07-28T11:38:27.339-03:00  WARN 8588 --- [apigetitem] [  restartedMain] .s.s.UserDetailsServiceAutoConfiguration : 

Using generated security password: 4d1f2adb-2a13-4b1f-8866-66af9d45a18e

This generated password is for development use only. Your security configuration must be updated before running your application in production.

2026-07-28T11:38:27.353-03:00  INFO 8588 --- [apigetitem] [  restartedMain] r$InitializeUserDetailsManagerConfigurer : Global AuthenticationManager configured with UserDetailsService bean with name inMemoryUserDetailsManager
2026-07-28T11:38:27.399-03:00  INFO 8588 --- [apigetitem] [  restartedMain] o.s.b.a.e.web.EndpointLinksResolver      : Exposing 1 endpoint beneath base path '/actuator'
2026-07-28T11:38:27.425-03:00  INFO 8588 --- [apigetitem] [  restartedMain] com.zaxxer.hikari.HikariDataSource       : HikariPool-5 - Starting...
2026-07-28T11:38:27.446-03:00  INFO 8588 --- [apigetitem] [  restartedMain] com.zaxxer.hikari.pool.HikariPool        : HikariPool-5 - Added connection com.ibm.db2.jcc.t4.b@4f9a79f5
2026-07-28T11:38:27.446-03:00  INFO 8588 --- [apigetitem] [  restartedMain] com.zaxxer.hikari.HikariDataSource       : HikariPool-5 - Start completed.
2026-07-28T11:38:27.475-03:00  INFO 8588 --- [apigetitem] [  restartedMain] o.s.b.d.a.OptionalLiveReloadServer       : LiveReload server is running on port 35729
2026-07-28T11:38:27.490-03:00  INFO 8588 --- [apigetitem] [  restartedMain] o.s.b.w.embedded.tomcat.TomcatWebServer  : Tomcat started on port 8081 (http) with context path '/'
2026-07-28T11:38:27.497-03:00  INFO 8588 --- [apigetitem] [  restartedMain] b.apigetitem.ApigetitemApplication       : Started ApigetitemApplication in 1.328 seconds (process running for 2622.156)
2026-07-28T11:38:27.502-03:00  INFO 8588 --- [apigetitem] [  restartedMain] .ConditionEvaluationDeltaLoggingListener : Condition evaluation delta:


==========================
CONDITION EVALUATION DELTA
==========================


Positive matches:
-----------------

   ManagementWebSecurityAutoConfiguration matched:
      - found 'session' scope (OnWebApplicationCondition)
      - AllNestedConditions 2 matched 0 did not; NestedCondition on DefaultWebSecurityCondition.Beans @ConditionalOnMissingBean (types: org.springframework.security.web.SecurityFilterChain; SearchStrategy: all) did not find any beans; NestedCondition on DefaultWebSecurityCondition.Classes @ConditionalOnClass found required classes 'org.springframework.security.web.SecurityFilterChain', 'org.springframework.security.config.annotation.web.builders.HttpSecurity' (DefaultWebSecurityCondition)

   SpringBootWebSecurityConfiguration.WebSecurityEnablerConfiguration matched:
      - @ConditionalOnClass found required class 'org.springframework.security.config.annotation.web.configuration.EnableWebSecurity' (OnClassCondition)
      - @ConditionalOnMissingBean (names: springSecurityFilterChain; SearchStrategy: all) did not find any beans (OnBeanCondition)


Negative matches:
-----------------

    None


Exclusions:
-----------

    None


Unconditional classes:
----------------------

    None



2026-07-28T11:38:28.886-03:00  INFO 8588 --- [apigetitem] [   File Watcher] rtingClassPathChangeChangedEventListener : Restarting due to 15 class path changes (15 additions, 0 deletions, 0 modifications)
2026-07-28T11:38:28.888-03:00  INFO 8588 --- [apigetitem] [      Thread-27] o.s.b.w.e.tomcat.GracefulShutdown        : Commencing graceful shutdown. Waiting for active requests to complete
2026-07-28T11:38:28.891-03:00  INFO 8588 --- [apigetitem] [tomcat-shutdown] o.s.b.w.e.tomcat.GracefulShutdown        : Graceful shutdown complete
2026-07-28T11:38:28.893-03:00  INFO 8588 --- [apigetitem] [      Thread-27] com.zaxxer.hikari.HikariDataSource       : HikariPool-5 - Shutdown initiated...
2026-07-28T11:38:28.895-03:00  INFO 8588 --- [apigetitem] [      Thread-27] com.zaxxer.hikari.HikariDataSource       : HikariPool-5 - Shutdown completed.

  .   ____          _            __ _ _
 /\\ / ___'_ __ _ _(_)_ __  __ _ \ \ \ \
( ( )\___ | '_ | '_| | '_ \/ _` | \ \ \ \
 \\/  ___)| |_)| | | | | || (_| |  ) ) ) )
  '  |____| .__|_| |_|_| |_\__, | / / / /
 =========|_|==============|___/=/_/_/_/

 :: Spring Boot ::                (v3.4.2)

2026-07-28T11:38:28.966-03:00  INFO 8588 --- [apigetitem] [  restartedMain] b.apigetitem.ApigetitemApplication       : Starting ApigetitemApplication using Java 21.0.10 with PID 8588 (C:\Users\Ralf\Desktop\Programação\BartzMoveisERP\target\classes started by Ralf in C:\Users\Ralf\Desktop\Programação\BartzMoveisERP)
2026-07-28T11:38:28.967-03:00  INFO 8588 --- [apigetitem] [  restartedMain] b.apigetitem.ApigetitemApplication       : No active profile set, falling back to 1 default profile: "default"
2026-07-28T11:38:29.305-03:00  INFO 8588 --- [apigetitem] [  restartedMain] .s.d.r.c.RepositoryConfigurationDelegate : Bootstrapping Spring Data JDBC repositories in DEFAULT mode.
2026-07-28T11:38:29.308-03:00  INFO 8588 --- [apigetitem] [  restartedMain] .s.d.r.c.RepositoryConfigurationDelegate : Finished Spring Data repository scanning in 1 ms. Found 0 JDBC repository interfaces.
2026-07-28T11:38:29.406-03:00  INFO 8588 --- [apigetitem] [  restartedMain] o.s.b.w.embedded.tomcat.TomcatWebServer  : Tomcat initialized with port 8081 (http)
2026-07-28T11:38:29.407-03:00  INFO 8588 --- [apigetitem] [  restartedMain] o.apache.catalina.core.StandardService   : Starting service [Tomcat]
2026-07-28T11:38:29.407-03:00  INFO 8588 --- [apigetitem] [  restartedMain] o.apache.catalina.core.StandardEngine    : Starting Servlet engine: [Apache Tomcat/10.1.34]
2026-07-28T11:38:29.429-03:00  INFO 8588 --- [apigetitem] [  restartedMain] o.a.c.c.C.[Tomcat-1].[localhost].[/]     : Initializing Spring embedded WebApplicationContext
2026-07-28T11:38:29.430-03:00  INFO 8588 --- [apigetitem] [  restartedMain] w.s.c.ServletWebServerApplicationContext : Root WebApplicationContext: initialization completed in 461 ms
2026-07-28T11:38:29.570-03:00  WARN 8588 --- [apigetitem] [  restartedMain] .s.s.UserDetailsServiceAutoConfiguration : 

Using generated security password: 8b4afd77-1a98-49cb-8a52-77a1a535f9ca

This generated password is for development use only. Your security configuration must be updated before running your application in production.

2026-07-28T11:38:29.571-03:00  INFO 8588 --- [apigetitem] [  restartedMain] r$InitializeUserDetailsManagerConfigurer : Global AuthenticationManager configured with UserDetailsService bean with name inMemoryUserDetailsManager
2026-07-28T11:38:29.668-03:00  INFO 8588 --- [apigetitem] [  restartedMain] o.s.b.a.e.web.EndpointLinksResolver      : Exposing 1 endpoint beneath base path '/actuator'
2026-07-28T11:38:29.765-03:00  INFO 8588 --- [apigetitem] [  restartedMain] com.zaxxer.hikari.HikariDataSource       : HikariPool-6 - Starting...
2026-07-28T11:38:29.781-03:00  INFO 8588 --- [apigetitem] [  restartedMain] com.zaxxer.hikari.pool.HikariPool        : HikariPool-6 - Added connection com.ibm.db2.jcc.t4.b@6fc7fa2e
2026-07-28T11:38:29.782-03:00  INFO 8588 --- [apigetitem] [  restartedMain] com.zaxxer.hikari.HikariDataSource       : HikariPool-6 - Start completed.
2026-07-28T11:38:29.794-03:00  INFO 8588 --- [apigetitem] [  restartedMain] o.s.b.d.a.OptionalLiveReloadServer       : LiveReload server is running on port 35729
2026-07-28T11:38:29.806-03:00  INFO 8588 --- [apigetitem] [  restartedMain] o.s.b.w.embedded.tomcat.TomcatWebServer  : Tomcat started on port 8081 (http) with context path '/'
2026-07-28T11:38:29.815-03:00  INFO 8588 --- [apigetitem] [  restartedMain] b.apigetitem.ApigetitemApplication       : Started ApigetitemApplication in 0.878 seconds (process running for 2624.473)
2026-07-28T11:38:29.817-03:00  INFO 8588 --- [apigetitem] [  restartedMain] .ConditionEvaluationDeltaLoggingListener : Condition evaluation delta:


==========================
CONDITION EVALUATION DELTA
==========================


Positive matches:
-----------------

    None


Negative matches:
-----------------

   ManagementWebSecurityAutoConfiguration:
      Did not match:
         - AllNestedConditions 1 matched 1 did not; NestedCondition on DefaultWebSecurityCondition.Beans @ConditionalOnMissingBean (types: org.springframework.security.web.SecurityFilterChain; SearchStrategy: all) found beans of type 'org.springframework.security.web.SecurityFilterChain' securityFilterChain; NestedCondition on DefaultWebSecurityCondition.Classes @ConditionalOnClass found required classes 'org.springframework.security.web.SecurityFilterChain', 'org.springframework.security.config.annotation.web.builders.HttpSecurity' (DefaultWebSecurityCondition)
      Matched:
         - found 'session' scope (OnWebApplicationCondition)

   SpringBootWebSecurityConfiguration.WebSecurityEnablerConfiguration:
      Did not match:
         - @ConditionalOnMissingBean (names: springSecurityFilterChain; SearchStrategy: all) found beans named springSecurityFilterChain (OnBeanCondition)
      Matched:
         - @ConditionalOnClass found required class 'org.springframework.security.config.annotation.web.configuration.EnableWebSecurity' (OnClassCondition)


Exclusions:
-----------

    None


Unconditional classes:
----------------------

    None



2026-07-28T11:39:24.029-03:00  INFO 8588 --- [apigetitem] [nio-8081-exec-1] o.a.c.c.C.[Tomcat-1].[localhost].[/]     : Initializing Spring DispatcherServlet 'dispatcherServlet'
2026-07-28T11:39:24.031-03:00  INFO 8588 --- [apigetitem] [nio-8081-exec-1] o.s.web.servlet.DispatcherServlet        : Initializing Servlet 'dispatcherServlet'
2026-07-28T11:39:24.034-03:00  INFO 8588 --- [apigetitem] [nio-8081-exec-1] o.s.web.servlet.DispatcherServlet        : Completed initialization in 2 ms
2026-07-28T11:39:24.461-03:00  INFO 8588 --- [apigetitem] [nio-8081-exec-2] c.b.jwt_package.security.JwtAuthFilter   : Usuário admin autenticado via JWT.
2026-07-28T14:16:53.062-03:00  INFO 8588 --- [apigetitem] [   File Watcher] rtingClassPathChangeChangedEventListener : Restarting due to 15 class path changes (0 additions, 15 deletions, 0 modifications)
2026-07-28T14:16:53.333-03:00  INFO 8588 --- [apigetitem] [      Thread-32] o.s.b.w.e.tomcat.GracefulShutdown        : Commencing graceful shutdown. Waiting for active requests to complete
2026-07-28T14:16:53.389-03:00  INFO 8588 --- [apigetitem] [tomcat-shutdown] o.s.b.w.e.tomcat.GracefulShutdown        : Graceful shutdown complete
2026-07-28T14:16:53.487-03:00  INFO 8588 --- [apigetitem] [      Thread-32] com.zaxxer.hikari.HikariDataSource       : HikariPool-6 - Shutdown initiated...
2026-07-28T14:16:53.517-03:00  INFO 8588 --- [apigetitem] [      Thread-32] com.zaxxer.hikari.HikariDataSource       : HikariPool-6 - Shutdown completed.

  .   ____          _            __ _ _
 /\\ / ___'_ __ _ _(_)_ __  __ _ \ \ \ \
( ( )\___ | '_ | '_| | '_ \/ _` | \ \ \ \
 \\/  ___)| |_)| | | | | || (_| |  ) ) ) )
  '  |____| .__|_| |_|_| |_\__, | / / / /
 =========|_|==============|___/=/_/_/_/

 :: Spring Boot ::                (v3.4.2)

2026-07-28T14:16:54.720-03:00  INFO 8588 --- [apigetitem] [  restartedMain] b.apigetitem.ApigetitemApplication       : Starting ApigetitemApplication using Java 21.0.10 with PID 8588 (C:\Users\Ralf\Desktop\Programação\BartzMoveisERP\target\classes started by Ralf in C:\Users\Ralf\Desktop\Programação\BartzMoveisERP)
2026-07-28T14:16:54.720-03:00  INFO 8588 --- [apigetitem] [  restartedMain] b.apigetitem.ApigetitemApplication       : No active profile set, falling back to 1 default profile: "default"
2026-07-28T14:16:55.189-03:00  INFO 8588 --- [apigetitem] [  restartedMain] .s.d.r.c.RepositoryConfigurationDelegate : Bootstrapping Spring Data JDBC repositories in DEFAULT mode.
2026-07-28T14:16:55.194-03:00  INFO 8588 --- [apigetitem] [  restartedMain] .s.d.r.c.RepositoryConfigurationDelegate : Finished Spring Data repository scanning in 3 ms. Found 0 JDBC repository interfaces.
2026-07-28T14:16:55.540-03:00  INFO 8588 --- [apigetitem] [  restartedMain] o.s.b.w.embedded.tomcat.TomcatWebServer  : Tomcat initialized with port 8081 (http)
2026-07-28T14:16:55.544-03:00  INFO 8588 --- [apigetitem] [  restartedMain] o.apache.catalina.core.StandardService   : Starting service [Tomcat]
2026-07-28T14:16:55.545-03:00  INFO 8588 --- [apigetitem] [  restartedMain] o.apache.catalina.core.StandardEngine    : Starting Servlet engine: [Apache Tomcat/10.1.34]
2026-07-28T14:16:55.585-03:00  INFO 8588 --- [apigetitem] [  restartedMain] o.a.c.c.C.[Tomcat-1].[localhost].[/]     : Initializing Spring embedded WebApplicationContext
2026-07-28T14:16:55.586-03:00  INFO 8588 --- [apigetitem] [  restartedMain] w.s.c.ServletWebServerApplicationContext : Root WebApplicationContext: initialization completed in 862 ms
2026-07-28T14:16:55.814-03:00  WARN 8588 --- [apigetitem] [  restartedMain] .s.s.UserDetailsServiceAutoConfiguration : 

Using generated security password: 6ff4ea6c-0144-4e6b-accf-9542bd119c80

This generated password is for development use only. Your security configuration must be updated before running your application in production.

2026-07-28T14:16:55.816-03:00  INFO 8588 --- [apigetitem] [  restartedMain] r$InitializeUserDetailsManagerConfigurer : Global AuthenticationManager configured with UserDetailsService bean with name inMemoryUserDetailsManager
2026-07-28T14:16:55.933-03:00  INFO 8588 --- [apigetitem] [  restartedMain] o.s.b.a.e.web.EndpointLinksResolver      : Exposing 1 endpoint beneath base path '/actuator'
2026-07-28T14:16:56.516-03:00  INFO 8588 --- [apigetitem] [  restartedMain] com.zaxxer.hikari.HikariDataSource       : HikariPool-7 - Starting...
2026-07-28T14:16:56.531-03:00  INFO 8588 --- [apigetitem] [  restartedMain] com.zaxxer.hikari.pool.HikariPool        : HikariPool-7 - Added connection com.ibm.db2.jcc.t4.b@1b7b84ca
2026-07-28T14:16:56.531-03:00  INFO 8588 --- [apigetitem] [  restartedMain] com.zaxxer.hikari.HikariDataSource       : HikariPool-7 - Start completed.
2026-07-28T14:16:56.551-03:00  INFO 8588 --- [apigetitem] [  restartedMain] o.s.b.d.a.OptionalLiveReloadServer       : LiveReload server is running on port 35729
2026-07-28T14:16:56.566-03:00  INFO 8588 --- [apigetitem] [  restartedMain] o.s.b.w.embedded.tomcat.TomcatWebServer  : Tomcat started on port 8081 (http) with context path '/'
2026-07-28T14:16:56.574-03:00  INFO 8588 --- [apigetitem] [  restartedMain] b.apigetitem.ApigetitemApplication       : Started ApigetitemApplication in 2.081 seconds (process running for 12131.232)
2026-07-28T14:16:56.576-03:00  INFO 8588 --- [apigetitem] [  restartedMain] .ConditionEvaluationDeltaLoggingListener : Condition evaluation unchanged
2026-07-28T14:19:40.312-03:00  INFO 8588 --- [apigetitem] [nio-8081-exec-1] o.a.c.c.C.[Tomcat-1].[localhost].[/]     : Initializing Spring DispatcherServlet 'dispatcherServlet'
2026-07-28T14:19:40.312-03:00  INFO 8588 --- [apigetitem] [nio-8081-exec-1] o.s.web.servlet.DispatcherServlet        : Initializing Servlet 'dispatcherServlet'
2026-07-28T14:19:40.314-03:00  INFO 8588 --- [apigetitem] [nio-8081-exec-1] o.s.web.servlet.DispatcherServlet        : Completed initialization in 2 ms
2026-07-28T14:19:40.728-03:00  INFO 8588 --- [apigetitem] [nio-8081-exec-2] c.b.jwt_package.security.JwtAuthFilter   : Usuário admin autenticado via JWT.
2026-07-29T17:09:35.529-03:00  INFO 8588 --- [apigetitem] [   File Watcher] rtingClassPathChangeChangedEventListener : Restarting due to 16 class path changes (0 additions, 16 deletions, 0 modifications)
2026-07-29T17:09:35.753-03:00  INFO 8588 --- [apigetitem] [      Thread-37] o.s.b.w.e.tomcat.GracefulShutdown        : Commencing graceful shutdown. Waiting for active requests to complete
2026-07-29T17:09:35.826-03:00  INFO 8588 --- [apigetitem] [tomcat-shutdown] o.s.b.w.e.tomcat.GracefulShutdown        : Graceful shutdown complete
2026-07-29T17:09:35.930-03:00  INFO 8588 --- [apigetitem] [      Thread-37] com.zaxxer.hikari.HikariDataSource       : HikariPool-7 - Shutdown initiated...
2026-07-29T17:09:36.034-03:00  INFO 8588 --- [apigetitem] [      Thread-37] com.zaxxer.hikari.HikariDataSource       : HikariPool-7 - Shutdown completed.

  .   ____          _            __ _ _
 /\\ / ___'_ __ _ _(_)_ __  __ _ \ \ \ \
( ( )\___ | '_ | '_| | '_ \/ _` | \ \ \ \
 \\/  ___)| |_)| | | | | || (_| |  ) ) ) )
  '  |____| .__|_| |_|_| |_\__, | / / / /
 =========|_|==============|___/=/_/_/_/

 :: Spring Boot ::                (v3.4.2)

2026-07-29T17:09:37.379-03:00  INFO 8588 --- [apigetitem] [  restartedMain] b.apigetitem.ApigetitemApplication       : Starting ApigetitemApplication using Java 21.0.10 with PID 8588 (C:\Users\Ralf\Desktop\Programação\BartzMoveisERP\target\classes started by Ralf in C:\Users\Ralf\Desktop\Programação\BartzMoveisERP)
2026-07-29T17:09:37.381-03:00  INFO 8588 --- [apigetitem] [  restartedMain] b.apigetitem.ApigetitemApplication       : No active profile set, falling back to 1 default profile: "default"
2026-07-29T17:09:38.247-03:00  INFO 8588 --- [apigetitem] [  restartedMain] .s.d.r.c.RepositoryConfigurationDelegate : Bootstrapping Spring Data JDBC repositories in DEFAULT mode.
2026-07-29T17:09:38.259-03:00  INFO 8588 --- [apigetitem] [  restartedMain] .s.d.r.c.RepositoryConfigurationDelegate : Finished Spring Data repository scanning in 8 ms. Found 0 JDBC repository interfaces.
2026-07-29T17:09:38.593-03:00  INFO 8588 --- [apigetitem] [  restartedMain] o.s.b.w.embedded.tomcat.TomcatWebServer  : Tomcat initialized with port 8081 (http)
2026-07-29T17:09:38.599-03:00  INFO 8588 --- [apigetitem] [  restartedMain] o.apache.catalina.core.StandardService   : Starting service [Tomcat]
2026-07-29T17:09:38.599-03:00  INFO 8588 --- [apigetitem] [  restartedMain] o.apache.catalina.core.StandardEngine    : Starting Servlet engine: [Apache Tomcat/10.1.34]
2026-07-29T17:09:38.641-03:00  INFO 8588 --- [apigetitem] [  restartedMain] o.a.c.c.C.[Tomcat-1].[localhost].[/]     : Initializing Spring embedded WebApplicationContext
2026-07-29T17:09:38.643-03:00  INFO 8588 --- [apigetitem] [  restartedMain] w.s.c.ServletWebServerApplicationContext : Root WebApplicationContext: initialization completed in 1253 ms
2026-07-29T17:09:38.868-03:00  WARN 8588 --- [apigetitem] [  restartedMain] .s.s.UserDetailsServiceAutoConfiguration : 

Using generated security password: 8716e3e9-0503-4fe0-9633-2f590ae5601f

This generated password is for development use only. Your security configuration must be updated before running your application in production.

2026-07-29T17:09:38.871-03:00  INFO 8588 --- [apigetitem] [  restartedMain] r$InitializeUserDetailsManagerConfigurer : Global AuthenticationManager configured with UserDetailsService bean with name inMemoryUserDetailsManager
2026-07-29T17:09:39.028-03:00  INFO 8588 --- [apigetitem] [  restartedMain] o.s.b.a.e.web.EndpointLinksResolver      : Exposing 1 endpoint beneath base path '/actuator'
2026-07-29T17:09:39.159-03:00  INFO 8588 --- [apigetitem] [  restartedMain] com.zaxxer.hikari.HikariDataSource       : HikariPool-8 - Starting...
2026-07-29T17:09:39.186-03:00  INFO 8588 --- [apigetitem] [  restartedMain] com.zaxxer.hikari.pool.HikariPool        : HikariPool-8 - Added connection com.ibm.db2.jcc.t4.b@30b2fa71
2026-07-29T17:09:39.187-03:00  INFO 8588 --- [apigetitem] [  restartedMain] com.zaxxer.hikari.HikariDataSource       : HikariPool-8 - Start completed.
2026-07-29T17:09:39.212-03:00  INFO 8588 --- [apigetitem] [  restartedMain] o.s.b.d.a.OptionalLiveReloadServer       : LiveReload server is running on port 35729
2026-07-29T17:09:39.231-03:00  INFO 8588 --- [apigetitem] [  restartedMain] o.s.b.w.embedded.tomcat.TomcatWebServer  : Tomcat started on port 8081 (http) with context path '/'
2026-07-29T17:09:39.242-03:00  INFO 8588 --- [apigetitem] [  restartedMain] b.apigetitem.ApigetitemApplication       : Started ApigetitemApplication in 2.198 seconds (process running for 108893.901)
2026-07-29T17:09:39.245-03:00  INFO 8588 --- [apigetitem] [  restartedMain] .ConditionEvaluationDeltaLoggingListener : Condition evaluation unchanged
